// Jest Snapshot v1, https://goo.gl/fbAQLP

exports[`Order page rendering Renders Order page 1`] = `
Object {
  "asFragment": [Function],
  "baseElement": <body>
    <div>
      <div
        class="order"
      >
        <h1>
          Ваш заказ
        </h1>
        <hr />
        <form
          class="order__form"
        >
          <div>
            <label
              class="form-label"
              for="order-form-name"
            >
              Имя
            </label>
            <input
              class="form-control"
              id="order-form-name"
              type="text"
              value=""
            />
          </div>
          <div>
            <label
              class="form-label"
              for="order-form-phone"
            >
              Телефон
            </label>
            <input
              class="form-control"
              id="order-form-phone"
              type="text"
              value=""
            />
          </div>
          <div>
            <label
              class="form-label"
              for="order-form-email"
            >
              Email
            </label>
            <input
              class="form-control"
              id="order-form-email"
              type="text"
              value=""
            />
          </div>
        </form>
        <a
          class="order__button order__button_type_back"
          href="/cart"
        >
          Вернуться в корзину
        </a>
         
        <button
          class="order__button order__button_type_order"
          disabled=""
        >
          Заказать
        </button>
      </div>
    </div>
  </body>,
  "container": <div>
    <div
      class="order"
    >
      <h1>
        Ваш заказ
      </h1>
      <hr />
      <form
        class="order__form"
      >
        <div>
          <label
            class="form-label"
            for="order-form-name"
          >
            Имя
          </label>
          <input
            class="form-control"
            id="order-form-name"
            type="text"
            value=""
          />
        </div>
        <div>
          <label
            class="form-label"
            for="order-form-phone"
          >
            Телефон
          </label>
          <input
            class="form-control"
            id="order-form-phone"
            type="text"
            value=""
          />
        </div>
        <div>
          <label
            class="form-label"
            for="order-form-email"
          >
            Email
          </label>
          <input
            class="form-control"
            id="order-form-email"
            type="text"
            value=""
          />
        </div>
      </form>
      <a
        class="order__button order__button_type_back"
        href="/cart"
      >
        Вернуться в корзину
      </a>
       
      <button
        class="order__button order__button_type_order"
        disabled=""
      >
        Заказать
      </button>
    </div>
  </div>,
  "debug": [Function],
  "findAllByAltText": [Function],
  "findAllByDisplayValue": [Function],
  "findAllByLabelText": [Function],
  "findAllByPlaceholderText": [Function],
  "findAllByRole": [Function],
  "findAllByTestId": [Function],
  "findAllByText": [Function],
  "findAllByTitle": [Function],
  "findByAltText": [Function],
  "findByDisplayValue": [Function],
  "findByLabelText": [Function],
  "findByPlaceholderText": [Function],
  "findByRole": [Function],
  "findByTestId": [Function],
  "findByText": [Function],
  "findByTitle": [Function],
  "getAllByAltText": [Function],
  "getAllByDisplayValue": [Function],
  "getAllByLabelText": [Function],
  "getAllByPlaceholderText": [Function],
  "getAllByRole": [Function],
  "getAllByTestId": [Function],
  "getAllByText": [Function],
  "getAllByTitle": [Function],
  "getByAltText": [Function],
  "getByDisplayValue": [Function],
  "getByLabelText": [Function],
  "getByPlaceholderText": [Function],
  "getByRole": [Function],
  "getByTestId": [Function],
  "getByText": [Function],
  "getByTitle": [Function],
  "queryAllByAltText": [Function],
  "queryAllByDisplayValue": [Function],
  "queryAllByLabelText": [Function],
  "queryAllByPlaceholderText": [Function],
  "queryAllByRole": [Function],
  "queryAllByTestId": [Function],
  "queryAllByText": [Function],
  "queryAllByTitle": [Function],
  "queryByAltText": [Function],
  "queryByDisplayValue": [Function],
  "queryByLabelText": [Function],
  "queryByPlaceholderText": [Function],
  "queryByRole": [Function],
  "queryByTestId": [Function],
  "queryByText": [Function],
  "queryByTitle": [Function],
  "rerender": [Function],
  "store": Object {
    "@@observable": [Function],
    "dispatch": [Function],
    "getState": [Function],
    "replaceReducer": [Function],
    "subscribe": [Function],
  },
  "unmount": [Function],
}
`;
